ARM Linker, 4.1 [Build 644] [Evaluation]

==============================================================================

Section Cross References

    countfreq.o(RESET) refers to countfreq.o(ARMuser) for IRQ_Addr
    countfreq.o(RESET) refers to countfreq.o(DATA) for P0COUNT
    countfreq.o(ARMuser) refers to countfreq.o(STACK) for Stack_Top


==============================================================================

Image Symbol Table

    Local Symbols

    Symbol Name                              Value     Ov Type        Size  Object(Section)

    RESET                                    0x00000000   Section       88  countfreq.o(RESET)
    countfreq.s                              0x00000000   Number         0  countfreq.o ABSOLUTE
    Undef_Handler                            0x00000044   ARM Code       4  countfreq.o(RESET)
    SWI_Handler                              0x00000048   ARM Code       4  countfreq.o(RESET)
    PAbt_Handler                             0x0000004c   ARM Code       4  countfreq.o(RESET)
    DAbt_Handler                             0x00000050   ARM Code       4  countfreq.o(RESET)
    FIQ_Handler                              0x00000054   ARM Code       4  countfreq.o(RESET)
    ARMuser                                  0x00000058   Section      196  countfreq.o(ARMuser)
    IRQ_Addr                                 0x00000058   Data           4  countfreq.o(ARMuser)
    ISR_FUNC1                                0x00000070   ARM Code       4  countfreq.o(ARMuser)
    Reset_Handler                            0x00000088   ARM Code       0  countfreq.o(ARMuser)
    SIMCONTROL                               0x000000f8   Data           0  countfreq.o(ARMuser)
    DATA                                     0x40000000   Section       16  countfreq.o(DATA)
    P0COUNT                                  0x40000000   Data           4  countfreq.o(DATA)
    STACK                                    0x40000010   Section      256  countfreq.o(STACK)
    Stack_Top                                0x40000110   Data           0  countfreq.o(STACK)

    Global Symbols

    Symbol Name                              Value     Ov Type        Size  Object(Section)

    BuildAttributes$$THM_ISAv1$ARM_ISAv4$S$PE$A:L22$X:L11$S22$IEEE1$IW$USESV6$~STKCKD$USESV7$~SHL$OSPACE$EBA8$STANDARDLIB$EABIv2 0x00000000   Number         0  anon$$obj.o ABSOLUTE



==============================================================================

Memory Map of the image

  Image Entry point : 0x00000000

  Load Region LR_IROM1 (Base: 0x00000000, Size: 0x0000012c, Max: 0x00008000, ABSOLUTE)

    Execution Region ER_IROM1 (Base: 0x00000000, Size: 0x0000011c, Max: 0x00008000, ABSOLUTE)

    Base Addr    Size         Type   Attr      Idx    E Section Name        Object

    0x00000000   0x00000058   Code   RO            1  * RESET               countfreq.o
    0x00000058   0x000000c4   Code   RO            2    ARMuser             countfreq.o


    Execution Region RW_IRAM1 (Base: 0x40000000, Size: 0x00000110, Max: 0x00002000, ABSOLUTE)

    Base Addr    Size         Type   Attr      Idx    E Section Name        Object

    0x40000000   0x00000010   Data   RW            3    DATA                countfreq.o
    0x40000010   0x00000100   Zero   RW            4    STACK               countfreq.o


==============================================================================

Image component sizes


      Code (inc. data)   RO Data    RW Data    ZI Data      Debug   Object Name

       284         84          0         16        256        460   countfreq.o

    ----------------------------------------------------------------------
       284         84          0         16        256        460   Object Totals
         0          0          0          0          0          0   (incl. Generated)
         0          0          0          0          0          0   (incl. Padding)

    ----------------------------------------------------------------------
         0          0          0          0          0          0   Library Totals
         0          0          0          0          0          0   (incl. Padding)

    ----------------------------------------------------------------------

==============================================================================


      Code (inc. data)   RO Data    RW Data    ZI Data      Debug   

       284         84          0         16        256        460   Grand Totals
       284         84          0         16        256        460   ELF Image Totals
       284         84          0         16          0          0   ROM Totals

==============================================================================

    Total RO  Size (Code + RO Data)                  284 (   0.28kB)
    Total RW  Size (RW Data + ZI Data)               272 (   0.27kB)
    Total ROM Size (Code + RO Data + RW Data)        300 (   0.29kB)

==============================================================================

